Microchip MPLAB XC8 Compiler V2.30

Linker command line:

-W-3 --edf=/opt/microchip/xc8/v2.30/pic/dat/en_msgs.txt -cn \
  -h+dist/default/production/THE3.X.production.sym \
  --cmf=dist/default/production/THE3.X.production.cmf -z -Q18F4620 \
  -o/tmp/xcXPEegjA --defsym=__MPLAB_BUILD=1 \
  -Mdist/default/production/THE3.X.production.map -E1 -ver=XC8 Compiler \
  --acfsm=1493 -ASTACK=0D0h-0F7Fh -pstack=STACK -ACODE=00h-0FFFFh \
  -ACONST=00h-0FFFFh -ASMALLCONST=01000h-010FFhx240 \
  -AMEDIUMCONST=01000h-0FFFFh -ACOMRAM=01h-07Fh -AABS1=00h-0F7Fh \
  -ABIGRAM=01h-0F7Fh -ARAM=080h-0FFh,0100h-01FFhx14,0F00h-0F7Fh \
  -ABANK0=080h-0FFh -ABANK1=0100h-01FFh -ABANK2=0200h-02FFh \
  -ABANK3=0300h-03FFh -ABANK4=0400h-04FFh -ABANK5=0500h-05FFh \
  -ABANK6=0600h-06FFh -ABANK7=0700h-07FFh -ABANK8=0800h-08FFh \
  -ABANK9=0900h-09FFh -ABANK10=0A00h-0AFFh -ABANK11=0B00h-0BFFh \
  -ABANK12=0C00h-0CFFh -ABANK13=0D00h-0DFFh -ABANK14=0E00h-0EFFh \
  -ABANK15=0F00h-0F7Fh -ASFR=0F80h-0FFFh -ACONFIG=0300000h-030000Dh \
  -AIDLOC=0200000h-0200007h -AEEDATA=0F00000h-0F003FFh -peeprom_data=EEDATA \
  -preset_vec=00h,intcode=08h,intcodelo,powerup,init -pramtop=01000h \
  -psmallconst=SMALLCONST -pmediumconst=MEDIUMCONST -pconst=CONST \
  -AFARRAM=00h-00h \
  -prdata=COMRAM,nvrram=COMRAM,nvbit=COMRAM,rbss=COMRAM,rbit=COMRAM \
  -pfarbss=FARRAM,fardata=FARRAM,nvFARRAM=FARRAM \
  -pintsave_regs=BIGRAM,bigbss=BIGRAM,bigdata=BIGRAM -pbss=RAM \
  -pidata=CODE,irdata=CODE,ibigdata=CODE,ifardata=CODE -prparam=COMRAM \
  /tmp/xcXPoAlcg.o dist/default/production/THE3.X.production.o 

Object code version is 3.11

Machine type is 18F4620



                Name                               Link     Load   Length Selector   Space Scale
/tmp/xcXPoAlcg.o
                idloc                            200000   200000        8        0       5
                config                           300000   300000        E        0       4
                init                                  E        E        4        4       0
                reset_vec                             0        0        4        0       0
dist/default/production/THE3.X.production.o
                intcode                               8        8        6        4       0
                idloc                            200000   200000        8        0       5
                config                           300000   300000        E        0       4
                temp                                 6B       6B        1        1       1
                text12                              736      736       32        4       0
                text11                              798      798       30        4       0
                text10                              592      592       74        4       0
                text9                               17C      17C      16A        4       0
                intcode_body                        2E6      2E6      164        4       0
                text7                               768      768       30        4       0
                text6                               704      704       32        4       0
                text5                               6D2      6D2       32        4       0
                text4                               69A      69A       38        4       0
                text3                               7C8      7C8       24        4       0
                text2                               51E      51E       74        4       0
                text1                                12       12      16A        4       0
                text0                               44A      44A       D4        4       0
                cstackCOMRAM                         55       55       13        1       1
                cstackBANK0                          C6       C6        A       80       1
                bssBANK0                             80       80       46       80       1
                dataCOMRAM                            1        1       54        1       1
                bssCOMRAM                            68       68        3        1       1
                cinit                               65A      65A       40        4       0
                idataCOMRAM                         606      606       54        4       0

TOTAL           Name                               Link     Load   Length     Space
        CLASS   STACK          

        CLASS   CODE           
                intcode                               8        8        6         0
                init                                  E        E        4         0
                reset_vec                             0        0        4         0
                text12                              736      736       32         0
                text11                              798      798       30         0
                text10                              592      592       74         0
                text9                               17C      17C      16A         0
                intcode_body                        2E6      2E6      164         0
                text7                               768      768       30         0
                text6                               704      704       32         0
                text5                               6D2      6D2       32         0
                text4                               69A      69A       38         0
                text3                               7C8      7C8       24         0
                text2                               51E      51E       74         0
                text1                                12       12      16A         0
                text0                               44A      44A       D4         0
                cinit                               65A      65A       40         0
                idataCOMRAM                         606      606       54         0

        CLASS   CONST          

        CLASS   SMALLCONST     

        CLASS   MEDIUMCONST    

        CLASS   COMRAM         
                temp                                 6B       6B        1         1
                cstackCOMRAM                         55       55       13         1
                dataCOMRAM                            1        1       54         1
                bssCOMRAM                            68       68        3         1

        CLASS   ABS1           

        CLASS   BIGRAM         

        CLASS   RAM            

        CLASS   BANK0          
                cstackBANK0                          C6       C6        A         1
                bssBANK0                             80       80       46         1

        CLASS   BANK1          

        CLASS   BANK2          

        CLASS   BANK3          

        CLASS   BANK4          

        CLASS   BANK5          

        CLASS   BANK6          

        CLASS   BANK7          

        CLASS   BANK8          

        CLASS   BANK9          

        CLASS   BANK10         

        CLASS   BANK11         

        CLASS   BANK12         

        CLASS   BANK13         

        CLASS   BANK14         

        CLASS   BANK15         

        CLASS   SFR            

        CLASS   CONFIG         
                config                           300000   300000        E         4

        CLASS   IDLOC          
                idloc                            200000   200000        8         5

        CLASS   EEDATA         

        CLASS   FARRAM         



SEGMENTS        Name                           Load    Length   Top    Selector   Space  Class

                reset_vec                      000000  000004  000004         0       0  CODE    
                bssBANK0                       000080  000050  0000D0        80       1  BANK0   
                dataCOMRAM                     000001  00006B  00006C         1       1  COMRAM  
                intcode                        000008  0007E4  0007EC         4       0  CODE    


UNUSED ADDRESS RANGES

        Name                Unused          Largest block    Delta
        BANK0            0000D0-0000FF               30
        BANK1            000100-0001FF              100
        BANK10           000A00-000AFF              100
        BANK11           000B00-000BFF              100
        BANK12           000C00-000CFF              100
        BANK13           000D00-000DFF              100
        BANK14           000E00-000EFF              100
        BANK15           000F00-000F7F               80
        BANK2            000200-0002FF              100
        BANK3            000300-0003FF              100
        BANK4            000400-0004FF              100
        BANK5            000500-0005FF              100
        BANK6            000600-0006FF              100
        BANK7            000700-0007FF              100
        BANK8            000800-0008FF              100
        BANK9            000900-0009FF              100
        BIGRAM           00006C-00007F               14
                         0000D0-000F7F              EB0
        CODE             000004-000007                4
                         0007EC-00FFFF             F814
        COMRAM           00006C-00007F               14
        CONST            000004-000007                4
                         0007EC-00FFFF             F814
        EEDATA           F00000-F003FF              400
        MEDIUMCONST      001000-00FFFF             F000
        RAM              0000D0-000F7F              100
        SFR              000F80-000FFF               80
        SMALLCONST       001000-00FFFF              100
        STACK            0000D0-000F7F              EB0

                                  Symbol Table

LCDAddSpecialCharacter@character_index cstackCOMRAM 000064
LCDAddSpecialCharacter@data            cstackCOMRAM 000062
LCDAddSpecialCharacter@i               cstackCOMRAM 000065
LCDCmd@cmd                             cstackCOMRAM 000061
LCDDat@dat                             cstackCOMRAM 000061
LCDGoto@p_1                            cstackCOMRAM 000062
LCDGoto@p_2                            cstackCOMRAM 000063
_ADCON0bits                            (abs)        000FC2
_ADCON1bits                            (abs)        000FC1
_ADCON2bits                            (abs)        000FC0
_ADRESH                                (abs)        000FC4
_ADRESL                                (abs)        000FC3
_CONVERT                               bssCOMRAM    00006A
_FNC                                   intcode      000008
_INTCONbits                            (abs)        000FF2
_InitLCD                               text6        000704
_LATBbits                              (abs)        000F8A
_LCDAddSpecialCharacter                text4        00069A
_LCDCmd                                text7        000768
_LCDDat                                text5        0006D2
_LCDGoto                               text2        00051E
_PIR1bits                              (abs)        000F9E
_PORTBbits                             (abs)        000F81
_PORTD                                 (abs)        000F83
_PORTEbits                             (abs)        000F84
_TRISAbits                             (abs)        000F92
_TRISBbits                             (abs)        000F93
_TRISD                                 (abs)        000F95
_TRISEbits                             (abs)        000F96
__HRAM                                 (abs)        000000
__Habs1                                abs1         000000
__Hbank0                               bank0        000000
__Hbank1                               bank1        000000
__Hbank10                              bank10       000000
__Hbank11                              bank11       000000
__Hbank12                              bank12       000000
__Hbank13                              bank13       000000
__Hbank14                              bank14       000000
__Hbank15                              bank15       000000
__Hbank2                               bank2        000000
__Hbank3                               bank3        000000
__Hbank4                               bank4        000000
__Hbank5                               bank5        000000
__Hbank6                               bank6        000000
__Hbank7                               bank7        000000
__Hbank8                               bank8        000000
__Hbank9                               bank9        000000
__Hbigbss                              bigbss       000000
__Hbigdata                             bigdata      000000
__Hbigram                              bigram       000000
__Hbss                                 bss          000000
__HbssBANK0                            bssBANK0     000000
__HbssCOMRAM                           bssCOMRAM    000000
__Hcinit                               cinit        000000
__Hclrtext                             clrtext      000000
__Hcomram                              comram       000000
__Hconfig                              config       30000E
__Hconst                               const        000000
__HcstackBANK0                         cstackBANK0  000000
__HcstackCOMRAM                        cstackCOMRAM 000000
__Hdata                                data         000000
__HdataCOMRAM                          dataCOMRAM   000000
__Heeprom_data                         eeprom_data  000000
__Hfarbss                              farbss       000000
__Hfardata                             fardata      000000
__Hibigdata                            ibigdata     000000
__Hidata                               idata        000000
__HidataCOMRAM                         idataCOMRAM  000000
__Hidloc                               idloc        200008
__Hifardata                            ifardata     000000
__Hinit                                init         000012
__Hintcode                             intcode      00000E
__Hintcode_body                        intcode_body 000000
__Hintcodelo                           intcodelo    00000E
__Hintentry                            intentry     000000
__Hintret                              intret       000000
__Hintsave_regs                        intsave_regs 000000
__Hirdata                              irdata       000000
__Hmediumconst                         mediumconst  000000
__HnvFARRAM                            nvFARRAM     000000
__Hnvbit                               nvbit        000000
__Hnvrram                              nvrram       000000
__Hparam                               rparam       000000
__Hpowerup                             powerup      00000E
__Hram                                 ram          000000
__Hramtop                              ramtop       001000
__Hrbit                                rbit         000000
__Hrbss                                rbss         000000
__Hrdata                               rdata        000000
__Hreset_vec                           reset_vec    000004
__Hrparam                              rparam       000000
__Hsfr                                 sfr          000000
__Hsmallconst                          smallconst   000000
__Hspace_0                             (abs)        001000
__Hspace_1                             (abs)        0000D0
__Hspace_2                             (abs)        000000
__Hspace_4                             (abs)        60000E
__Hstack                               stack        000000
__Hstruct                              struct       000000
__Htemp                                temp         00006C
__Htext                                text         000000
__Htext0                               text0        000000
__Htext1                               text1        000000
__Htext10                              text10       000000
__Htext11                              text11       000000
__Htext12                              text12       000000
__Htext2                               text2        000000
__Htext3                               text3        000000
__Htext4                               text4        000000
__Htext5                               text5        000000
__Htext6                               text6        000000
__Htext7                               text7        000000
__Htext9                               text9        000000
__LRAM                                 (abs)        000001
__Labs1                                abs1         000000
__Lbank0                               bank0        000000
__Lbank1                               bank1        000000
__Lbank10                              bank10       000000
__Lbank11                              bank11       000000
__Lbank12                              bank12       000000
__Lbank13                              bank13       000000
__Lbank14                              bank14       000000
__Lbank15                              bank15       000000
__Lbank2                               bank2        000000
__Lbank3                               bank3        000000
__Lbank4                               bank4        000000
__Lbank5                               bank5        000000
__Lbank6                               bank6        000000
__Lbank7                               bank7        000000
__Lbank8                               bank8        000000
__Lbank9                               bank9        000000
__Lbigbss                              bigbss       000000
__Lbigdata                             bigdata      000000
__Lbigram                              bigram       000000
__Lbss                                 bss          000000
__LbssBANK0                            bssBANK0     000000
__LbssCOMRAM                           bssCOMRAM    000000
__Lcinit                               cinit        000000
__Lclrtext                             clrtext      000000
__Lcomram                              comram       000000
__Lconfig                              config       000000
__Lconst                               const        000000
__LcstackBANK0                         cstackBANK0  000000
__LcstackCOMRAM                        cstackCOMRAM 000000
__Ldata                                data         000000
__LdataCOMRAM                          dataCOMRAM   000000
__Leeprom_data                         eeprom_data  000000
__Lfarbss                              farbss       000000
__Lfardata                             fardata      000000
__Libigdata                            ibigdata     000000
__Lidata                               idata        000000
__LidataCOMRAM                         idataCOMRAM  000000
__Lidloc                               idloc        000000
__Lifardata                            ifardata     000000
__Linit                                init         00000E
__Lintcode                             intcode      000008
__Lintcode_body                        intcode_body 000000
__Lintcodelo                           intcodelo    00000E
__Lintentry                            intentry     000000
__Lintret                              intret       000000
__Lintsave_regs                        intsave_regs 000000
__Lirdata                              irdata       000000
__Lmediumconst                         mediumconst  000000
__LnvFARRAM                            nvFARRAM     000000
__Lnvbit                               nvbit        000000
__Lnvrram                              nvrram       000000
__Lparam                               rparam       000000
__Lpowerup                             powerup      00000E
__Lram                                 ram          000000
__Lramtop                              ramtop       001000
__Lrbit                                rbit         000000
__Lrbss                                rbss         000000
__Lrdata                               rdata        000000
__Lreset_vec                           reset_vec    000000
__Lrparam                              rparam       000000
__Lsfr                                 sfr          000000
__Lsmallconst                          smallconst   000000
__Lspace_0                             (abs)        000000
__Lspace_1                             (abs)        000000
__Lspace_2                             (abs)        000000
__Lspace_4                             (abs)        000000
__Lstack                               stack        000000
__Lstruct                              struct       000000
__Ltemp                                temp         00006B
__Ltext                                text         000000
__Ltext0                               text0        000000
__Ltext1                               text1        000000
__Ltext10                              text10       000000
__Ltext11                              text11       000000
__Ltext12                              text12       000000
__Ltext2                               text2        000000
__Ltext3                               text3        000000
__Ltext4                               text4        000000
__Ltext5                               text5        000000
__Ltext6                               text6        000000
__Ltext7                               text7        000000
__Ltext9                               text9        000000
__S0                                   (abs)        0007EC
__S1                                   (abs)        0000D0
__S2                                   (abs)        000000
__S4                                   (abs)        000000
__S5                                   (abs)        000000
___inthi_sp                            stack        000000
___intlo_sp                            stack        000000
___param_bank                          (abs)        000000
___rparam_used                         (abs)        000001
___sp                                  stack        000000
__accesstop                            (abs)        000080
__activetblptr                         (abs)        000002
__end_of_FNC                           intcode_body 00044A
__end_of_InitLCD                       text6        000736
__end_of_LCDAddSpecialCharacter        text4        0006D2
__end_of_LCDCmd                        text7        000798
__end_of_LCDDat                        text5        000704
__end_of_LCDGoto                       text2        000592
__end_of__initialization               cinit        00068C
__end_of_initADC                       text3        0007EC
__end_of_main                          text0        00051E
__end_of_setLCD                        text1        00017C
__end_ofi2_LCDCmd                      text11       0007C8
__end_ofi2_LCDDat                      text12       000768
__end_ofi2_LCDGoto                     text10       000606
__end_ofi2_setLCD                      text9        0002E6
__initialization                       cinit        00065A
__mediumconst                          mediumconst  000000
__pbssBANK0                            bssBANK0     000080
__pbssCOMRAM                           bssCOMRAM    000068
__pcinit                               cinit        00065A
__pcstackBANK0                         cstackBANK0  0000C6
__pcstackCOMRAM                        cstackCOMRAM 000055
__pdataCOMRAM                          dataCOMRAM   000001
__pidataCOMRAM                         idataCOMRAM  000606
__pintcode                             intcode      000008
__pintcode_body                        intcode_body 0002E6
__ptext0                               text0        00044A
__ptext1                               text1        000012
__ptext10                              text10       000592
__ptext11                              text11       000798
__ptext12                              text12       000736
__ptext2                               text2        00051E
__ptext3                               text3        0007C8
__ptext4                               text4        00069A
__ptext5                               text5        0006D2
__ptext6                               text6        000704
__ptext7                               text7        000768
__ptext9                               text9        00017C
__ramtop                               ramtop       001000
__size_of_FNC                          (abs)        000000
__size_of_InitLCD                      (abs)        000000
__size_of_LCDAddSpecialCharacter       (abs)        000000
__size_of_LCDCmd                       (abs)        000000
__size_of_LCDDat                       (abs)        000000
__size_of_LCDGoto                      (abs)        000000
__size_of_initADC                      (abs)        000000
__size_of_main                         (abs)        000000
__size_of_setLCD                       (abs)        000000
__size_ofi2_LCDCmd                     (abs)        000000
__size_ofi2_LCDDat                     (abs)        000000
__size_ofi2_LCDGoto                    (abs)        000000
__size_ofi2_setLCD                     (abs)        000000
__smallconst                           smallconst   000000
_character                             dataCOMRAM   00000B
_frisbee                               dataCOMRAM   00001D
_frisbee_steps                         bssBANK0     000080
_frisbee_target                        dataCOMRAM   000015
_initADC                               text3        0007C8
_lcd_x                                 dataCOMRAM   000014
_lcd_y                                 dataCOMRAM   000013
_locations                             dataCOMRAM   000001
_main                                  text0        00044A
_selectedChar                          bssCOMRAM    000068
_selected_teamA_player                 dataCOMRAM   00003D
_selected_teamA_player_with_frisbee    dataCOMRAM   00002D
_selected_teamB_player                 dataCOMRAM   000035
_selected_teamB_player_with_frisbee    dataCOMRAM   000025
_setLCD                                text1        000012
_teamA_player                          dataCOMRAM   00004D
_teamB_player                          dataCOMRAM   000045
btemp                                  temp         00006B
end_of_initialization                  cinit        00068C
i2LCDCmd@cmd                           cstackCOMRAM 000056
i2LCDDat@dat                           cstackCOMRAM 000056
i2LCDGoto@p_1                          cstackCOMRAM 000057
i2LCDGoto@p_2                          cstackCOMRAM 000058
i2_LCDCmd                              text11       000798
i2_LCDDat                              text12       000736
i2_LCDGoto                             text10       000592
i2_setLCD                              text9        00017C
i2setLCD@i                             cstackCOMRAM 00005B
int$flags                              temp         00006B
int_func                               intcode_body 0002E6
intlevel0                              text         000000
intlevel1                              text         000000
intlevel2                              text         000000
intlevel3                              text         000000
main@values                            cstackBANK0  0000C6
setLCD@i                               cstackCOMRAM 000066
stackhi                                (abs)        000F7F
stacklo                                (abs)        0000D0
start                                  init         00000E
start_initialization                   cinit        00065A
ttemp5                                 temp         00006C
ttemp6                                 temp         00006F
ttemp7                                 temp         000073
wtemp8                                 temp         00006C


FUNCTION INFORMATION:

 *************** function _main *****************
 Defined at:
		line 106 in file "main.c"
 Parameters:    Size  Location     Type
		None
 Auto vars:     Size  Location     Type
  values         10    0[BANK0 ] unsigned char [10]
  convertion      2    0        unsigned short 
 Return value:  Size  Location     Type
                  1    wreg      void 
 Registers used:
		wreg, fsr2l, fsr2h, status,2, status,0, prodl, prodh, cstack
 Tracked objects:
		On entry : 
		On exit  : 
		Unchanged: 
 Data sizes:     COMRAM   BANK0   BANK1   BANK2   BANK3   BANK4   BANK5   BANK6   BANK7   BANK8   BANK9  BANK10  BANK11  BANK12  BANK13  BANK14  BANK15
      Params:         0       0       0       0       0       0       0       0       0       0       0       0       0       0       0       0       0
      Locals:         0      12       0       0       0       0       0       0       0       0       0       0       0       0       0       0       0
      Temps:          0       0       0       0       0       0       0       0       0       0       0       0       0       0       0       0       0
      Totals:         0      12       0       0       0       0       0       0       0       0       0       0       0       0       0       0       0
Total ram usage:       12 bytes
 Hardware stack levels required when called:    7
 This function calls:
		_InitLCD
		_LCDAddSpecialCharacter
		_LCDCmd
		_initADC
		_setLCD
 This function is called by:
		Startup code after reset
 This function uses a non-reentrant model


 *************** function _setLCD *****************
 Defined at:
		line 63 in file "main.c"
 Parameters:    Size  Location     Type
		None
 Auto vars:     Size  Location     Type
  i               2   17[COMRAM] unsigned short 
 Return value:  Size  Location     Type
                  1    wreg      void 
 Registers used:
		wreg, fsr2l, fsr2h, status,2, status,0, cstack
 Tracked objects:
		On entry : 
		On exit  : 
		Unchanged: 
 Data sizes:     COMRAM   BANK0   BANK1   BANK2   BANK3   BANK4   BANK5   BANK6   BANK7   BANK8   BANK9  BANK10  BANK11  BANK12  BANK13  BANK14  BANK15
      Params:         0       0       0       0       0       0       0       0       0       0       0       0       0       0       0       0       0
      Locals:         2       0       0       0       0       0       0       0       0       0       0       0       0       0       0       0       0
      Temps:          2       0       0       0       0       0       0       0       0       0       0       0       0       0       0       0       0
      Totals:         4       0       0       0       0       0       0       0       0       0       0       0       0       0       0       0       0
Total ram usage:        4 bytes
 Hardware stack levels used:    1
 Hardware stack levels required when called:    6
 This function calls:
		_LCDDat
		_LCDGoto
 This function is called by:
		_main
 This function uses a non-reentrant model


 *************** function _LCDGoto *****************
 Defined at:
		line 72 in file "./lcd.h"
 Parameters:    Size  Location     Type
  p_2             1    wreg     unsigned char 
  p_1             1   13[COMRAM] unsigned char 
 Auto vars:     Size  Location     Type
  p_2             1   14[COMRAM] unsigned char 
 Return value:  Size  Location     Type
                  1    wreg      void 
 Registers used:
		wreg, status,2, status,0, cstack
 Tracked objects:
		On entry : 
		On exit  : 
		Unchanged: 
 Data sizes:     COMRAM   BANK0   BANK1   BANK2   BANK3   BANK4   BANK5   BANK6   BANK7   BANK8   BANK9  BANK10  BANK11  BANK12  BANK13  BANK14  BANK15
      Params:         1       0       0       0       0       0       0       0       0       0       0       0       0       0       0       0       0
      Locals:         1       0       0       0       0       0       0       0       0       0       0       0       0       0       0       0       0
      Temps:          0       0       0       0       0       0       0       0       0       0       0       0       0       0       0       0       0
      Totals:         2       0       0       0       0       0       0       0       0       0       0       0       0       0       0       0       0
Total ram usage:        2 bytes
 Hardware stack levels used:    1
 Hardware stack levels required when called:    5
 This function calls:
		_LCDCmd
 This function is called by:
		_setLCD
 This function uses a non-reentrant model


 *************** function _initADC *****************
 Defined at:
		line 35 in file "./adc.h"
 Parameters:    Size  Location     Type
		None
 Auto vars:     Size  Location     Type
		None
 Return value:  Size  Location     Type
                  1    wreg      void 
 Registers used:
		None
 Tracked objects:
		On entry : 
		On exit  : 
		Unchanged: 
 Data sizes:     COMRAM   BANK0   BANK1   BANK2   BANK3   BANK4   BANK5   BANK6   BANK7   BANK8   BANK9  BANK10  BANK11  BANK12  BANK13  BANK14  BANK15
      Params:         0       0       0       0       0       0       0       0       0       0       0       0       0       0       0       0       0
      Locals:         0       0       0       0       0       0       0       0       0       0       0       0       0       0       0       0       0
      Temps:          0       0       0       0       0       0       0       0       0       0       0       0       0       0       0       0       0
      Totals:         0       0       0       0       0       0       0       0       0       0       0       0       0       0       0       0       0
Total ram usage:        0 bytes
 Hardware stack levels used:    1
 Hardware stack levels required when called:    4
 This function calls:
		Nothing
 This function is called by:
		_main
 This function uses a non-reentrant model


 *************** function _LCDAddSpecialCharacter *****************
 Defined at:
		line 129 in file "./lcd.h"
 Parameters:    Size  Location     Type
  character_in    1    wreg     unsigned char 
  data            2   13[COMRAM] PTR unsigned char 
		 -> frisbee_target(8), frisbee(8), selected_teamB_player_with_frisbee(8), selected_teamB_player(8), 
		 -> teamB_player(8), selected_teamA_player_with_frisbee(8), selected_teamA_player(8), teamA_player(8), 
 Auto vars:     Size  Location     Type
  character_in    1   15[COMRAM] unsigned char 
  i               1   16[COMRAM] unsigned char 
 Return value:  Size  Location     Type
                  1    wreg      void 
 Registers used:
		wreg, fsr2l, fsr2h, status,2, status,0, prodl, prodh, cstack
 Tracked objects:
		On entry : 
		On exit  : 
		Unchanged: 
 Data sizes:     COMRAM   BANK0   BANK1   BANK2   BANK3   BANK4   BANK5   BANK6   BANK7   BANK8   BANK9  BANK10  BANK11  BANK12  BANK13  BANK14  BANK15
      Params:         2       0       0       0       0       0       0       0       0       0       0       0       0       0       0       0       0
      Locals:         2       0       0       0       0       0       0       0       0       0       0       0       0       0       0       0       0
      Temps:          0       0       0       0       0       0       0       0       0       0       0       0       0       0       0       0       0
      Totals:         4       0       0       0       0       0       0       0       0       0       0       0       0       0       0       0       0
Total ram usage:        4 bytes
 Hardware stack levels used:    1
 Hardware stack levels required when called:    5
 This function calls:
		_LCDCmd
		_LCDDat
 This function is called by:
		_main
 This function uses a non-reentrant model


 *************** function _LCDDat *****************
 Defined at:
		line 58 in file "./lcd.h"
 Parameters:    Size  Location     Type
  dat             1    wreg     unsigned char 
 Auto vars:     Size  Location     Type
  dat             1   12[COMRAM] unsigned char 
 Return value:  Size  Location     Type
                  1    wreg      void 
 Registers used:
		wreg
 Tracked objects:
		On entry : 
		On exit  : 
		Unchanged: 
 Data sizes:     COMRAM   BANK0   BANK1   BANK2   BANK3   BANK4   BANK5   BANK6   BANK7   BANK8   BANK9  BANK10  BANK11  BANK12  BANK13  BANK14  BANK15
      Params:         0       0       0       0       0       0       0       0       0       0       0       0       0       0       0       0       0
      Locals:         1       0       0       0       0       0       0       0       0       0       0       0       0       0       0       0       0
      Temps:          1       0       0       0       0       0       0       0       0       0       0       0       0       0       0       0       0
      Totals:         2       0       0       0       0       0       0       0       0       0       0       0       0       0       0       0       0
Total ram usage:        2 bytes
 Hardware stack levels used:    1
 Hardware stack levels required when called:    4
 This function calls:
		Nothing
 This function is called by:
		_LCDAddSpecialCharacter
		_setLCD
		_LCDStr
 This function uses a non-reentrant model


 *************** function _InitLCD *****************
 Defined at:
		line 108 in file "./lcd.h"
 Parameters:    Size  Location     Type
		None
 Auto vars:     Size  Location     Type
		None
 Return value:  Size  Location     Type
                  1    wreg      void 
 Registers used:
		wreg, status,2, cstack
 Tracked objects:
		On entry : 
		On exit  : 
		Unchanged: 
 Data sizes:     COMRAM   BANK0   BANK1   BANK2   BANK3   BANK4   BANK5   BANK6   BANK7   BANK8   BANK9  BANK10  BANK11  BANK12  BANK13  BANK14  BANK15
      Params:         0       0       0       0       0       0       0       0       0       0       0       0       0       0       0       0       0
      Locals:         0       0       0       0       0       0       0       0       0       0       0       0       0       0       0       0       0
      Temps:          0       0       0       0       0       0       0       0       0       0       0       0       0       0       0       0       0
      Totals:         0       0       0       0       0       0       0       0       0       0       0       0       0       0       0       0       0
Total ram usage:        0 bytes
 Hardware stack levels used:    1
 Hardware stack levels required when called:    5
 This function calls:
		_LCDCmd
 This function is called by:
		_main
 This function uses a non-reentrant model


 *************** function _LCDCmd *****************
 Defined at:
		line 48 in file "./lcd.h"
 Parameters:    Size  Location     Type
  cmd             1    wreg     unsigned char 
 Auto vars:     Size  Location     Type
  cmd             1   12[COMRAM] unsigned char 
 Return value:  Size  Location     Type
                  1    wreg      void 
 Registers used:
		wreg
 Tracked objects:
		On entry : 
		On exit  : 
		Unchanged: 
 Data sizes:     COMRAM   BANK0   BANK1   BANK2   BANK3   BANK4   BANK5   BANK6   BANK7   BANK8   BANK9  BANK10  BANK11  BANK12  BANK13  BANK14  BANK15
      Params:         0       0       0       0       0       0       0       0       0       0       0       0       0       0       0       0       0
      Locals:         1       0       0       0       0       0       0       0       0       0       0       0       0       0       0       0       0
      Temps:          1       0       0       0       0       0       0       0       0       0       0       0       0       0       0       0       0
      Totals:         2       0       0       0       0       0       0       0       0       0       0       0       0       0       0       0       0
Total ram usage:        2 bytes
 Hardware stack levels used:    1
 Hardware stack levels required when called:    4
 This function calls:
		Nothing
 This function is called by:
		_LCDGoto
		_InitLCD
		_LCDAddSpecialCharacter
		_main
 This function uses a non-reentrant model


 *************** function _FNC *****************
 Defined at:
		line 30 in file "main.c"
 Parameters:    Size  Location     Type
		None
 Auto vars:     Size  Location     Type
		None
 Return value:  Size  Location     Type
                  1    wreg      void 
 Registers used:
		wreg, fsr2l, fsr2h, status,2, status,0, cstack
 Tracked objects:
		On entry : 
		On exit  : 
		Unchanged: 
 Data sizes:     COMRAM   BANK0   BANK1   BANK2   BANK3   BANK4   BANK5   BANK6   BANK7   BANK8   BANK9  BANK10  BANK11  BANK12  BANK13  BANK14  BANK15
      Params:         0       0       0       0       0       0       0       0       0       0       0       0       0       0       0       0       0
      Locals:         0       0       0       0       0       0       0       0       0       0       0       0       0       0       0       0       0
      Temps:          3       0       0       0       0       0       0       0       0       0       0       0       0       0       0       0       0
      Totals:         3       0       0       0       0       0       0       0       0       0       0       0       0       0       0       0       0
Total ram usage:        3 bytes
 Hardware stack levels used:    1
 Hardware stack levels required when called:    3
 This function calls:
		i2_LCDCmd
		i2_setLCD
 This function is called by:
		Interrupt level 2
 This function uses a non-reentrant model


 *************** function i2_setLCD *****************
 Defined at:
		line 63 in file "main.c"
 Parameters:    Size  Location     Type
		None
 Auto vars:     Size  Location     Type
  i               2    6[COMRAM] unsigned short 
 Return value:  Size  Location     Type
                  1    wreg      void 
 Registers used:
		wreg, fsr2l, fsr2h, status,2, status,0, cstack
 Tracked objects:
		On entry : 
		On exit  : 
		Unchanged: 
 Data sizes:     COMRAM   BANK0   BANK1   BANK2   BANK3   BANK4   BANK5   BANK6   BANK7   BANK8   BANK9  BANK10  BANK11  BANK12  BANK13  BANK14  BANK15
      Params:         0       0       0       0       0       0       0       0       0       0       0       0       0       0       0       0       0
      Locals:         2       0       0       0       0       0       0       0       0       0       0       0       0       0       0       0       0
      Temps:          2       0       0       0       0       0       0       0       0       0       0       0       0       0       0       0       0
      Totals:         4       0       0       0       0       0       0       0       0       0       0       0       0       0       0       0       0
Total ram usage:        4 bytes
 Hardware stack levels used:    1
 Hardware stack levels required when called:    2
 This function calls:
		i2_LCDDat
		i2_LCDGoto
 This function is called by:
		_FNC
 This function uses a non-reentrant model


 *************** function i2_LCDGoto *****************
 Defined at:
		line 72 in file "./lcd.h"
 Parameters:    Size  Location     Type
  p_2             1    wreg     unsigned char 
  p_1             1    2[COMRAM] unsigned char 
 Auto vars:     Size  Location     Type
  p_2             1    3[COMRAM] unsigned char 
 Return value:  Size  Location     Type
                  1    wreg      void 
 Registers used:
		wreg, status,2, status,0, cstack
 Tracked objects:
		On entry : 
		On exit  : 
		Unchanged: 
 Data sizes:     COMRAM   BANK0   BANK1   BANK2   BANK3   BANK4   BANK5   BANK6   BANK7   BANK8   BANK9  BANK10  BANK11  BANK12  BANK13  BANK14  BANK15
      Params:         1       0       0       0       0       0       0       0       0       0       0       0       0       0       0       0       0
      Locals:         1       0       0       0       0       0       0       0       0       0       0       0       0       0       0       0       0
      Temps:          0       0       0       0       0       0       0       0       0       0       0       0       0       0       0       0       0
      Totals:         2       0       0       0       0       0       0       0       0       0       0       0       0       0       0       0       0
Total ram usage:        2 bytes
 Hardware stack levels used:    1
 Hardware stack levels required when called:    1
 This function calls:
		i2_LCDCmd
 This function is called by:
		i2_setLCD
 This function uses a non-reentrant model


 *************** function i2_LCDCmd *****************
 Defined at:
		line 48 in file "./lcd.h"
 Parameters:    Size  Location     Type
  cmd             1    wreg     unsigned char 
 Auto vars:     Size  Location     Type
  cmd             1    1[COMRAM] unsigned char 
 Return value:  Size  Location     Type
                  1    wreg      void 
 Registers used:
		wreg
 Tracked objects:
		On entry : 
		On exit  : 
		Unchanged: 
 Data sizes:     COMRAM   BANK0   BANK1   BANK2   BANK3   BANK4   BANK5   BANK6   BANK7   BANK8   BANK9  BANK10  BANK11  BANK12  BANK13  BANK14  BANK15
      Params:         0       0       0       0       0       0       0       0       0       0       0       0       0       0       0       0       0
      Locals:         1       0       0       0       0       0       0       0       0       0       0       0       0       0       0       0       0
      Temps:          1       0       0       0       0       0       0       0       0       0       0       0       0       0       0       0       0
      Totals:         2       0       0       0       0       0       0       0       0       0       0       0       0       0       0       0       0
Total ram usage:        2 bytes
 Hardware stack levels used:    1
 This function calls:
		Nothing
 This function is called by:
		_FNC
		i2_LCDGoto
 This function uses a non-reentrant model


 *************** function i2_LCDDat *****************
 Defined at:
		line 58 in file "./lcd.h"
 Parameters:    Size  Location     Type
  dat             1    wreg     unsigned char 
 Auto vars:     Size  Location     Type
  dat             1    1[COMRAM] unsigned char 
 Return value:  Size  Location     Type
                  1    wreg      void 
 Registers used:
		wreg
 Tracked objects:
		On entry : 
		On exit  : 
		Unchanged: 
 Data sizes:     COMRAM   BANK0   BANK1   BANK2   BANK3   BANK4   BANK5   BANK6   BANK7   BANK8   BANK9  BANK10  BANK11  BANK12  BANK13  BANK14  BANK15
      Params:         0       0       0       0       0       0       0       0       0       0       0       0       0       0       0       0       0
      Locals:         1       0       0       0       0       0       0       0       0       0       0       0       0       0       0       0       0
      Temps:          1       0       0       0       0       0       0       0       0       0       0       0       0       0       0       0       0
      Totals:         2       0       0       0       0       0       0       0       0       0       0       0       0       0       0       0       0
Total ram usage:        2 bytes
 Hardware stack levels used:    1
 This function calls:
		Nothing
 This function is called by:
		i2_setLCD
 This function uses a non-reentrant model



MODULE INFORMATION

Module		Function		Class		Link	Load	Size
./lcd.h
		_LCDCmd        		CODE           	0768	0000	48
		_InitLCD       		CODE           	0704	0000	50
		_LCDDat        		CODE           	06D2	0000	50
		_LCDAddSpecialCharacter		CODE           	069A	0000	56
		_LCDGoto       		CODE           	051E	0000	116

./lcd.h estimated size: 320

shared
		i2_LCDGoto     		CODE           	0592	0000	116
		i2_LCDCmd      		CODE           	0798	0000	48
		__initialization		CODE           	065A	0000	50
		i2_setLCD      		CODE           	017C	0000	362
		i2_LCDDat      		CODE           	0736	0000	50

shared estimated size: 626

main.c
		_main          		CODE           	044A	0000	212
		_FNC           		CODE           	0008	0000	362
		_setLCD        		CODE           	0012	0000	362

main.c estimated size: 936

./adc.h
		_initADC       		CODE           	07C8	0000	36

./adc.h estimated size: 36

